***Starting server on port 53684 ***
Loading net-file from 'grid.net.xml' ... done (16ms).
Loading additional-files from 'detectores.add.xml' ... done (42ms).
Loading route-files incrementally from 'traffic.rou.xml'
Loading done.
Simulation started with time: 0.00.
Warning: Teleporting vehicle 'F_cars_LoopOuter.0'; waited too long (wrong lane), lane='C0D0_0', time=343.00.
Warning: Vehicle 'F_cars_LoopOuter.0' ends teleporting on edge 'D0D1', time=343.00.
Warning: Teleporting vehicle 'F_cars_V_B0B3.1'; waited too long (yield), lane='B0B1_0', time=415.00.
Warning: Teleporting vehicle 'F_cars_V_C0C3.2'; waited too long (yield), lane='C0C1_0', time=415.00.
Warning: Vehicle 'F_cars_V_B0B3.1' ends teleporting on edge 'B1B2', time=415.00.
Warning: Vehicle 'F_cars_V_C0C3.2' ends teleporting on edge 'C1C2', time=415.00.
Warning: Teleporting vehicle 'F_cars_V_B0B3.2'; waited too long (yield), lane='B1B2_0', time=420.00.
Warning: Vehicle 'F_cars_V_B0B3.2' ends teleporting on edge 'B2B3', time=420.00.
Warning: Teleporting vehicle 'F_cars_V_C0C3.5'; waited too long (yield), lane='C1C2_0', time=487.00.
Warning: Vehicle 'F_cars_V_C0C3.5' ends teleporting on edge 'C2C3', time=487.00.
Warning: Teleporting vehicle 'F_cars_LoopOuter.1'; waited too long (wrong lane), lane='C0D0_0', time=665.00.
Warning: Vehicle 'F_cars_LoopOuter.1' ends teleporting on edge 'D0D1', time=665.00.
Warning: Teleporting vehicle 'F_cars_LoopOuter.0'; waited too long (wrong lane), lane='D2D3_0', time=694.00.
Warning: Vehicle 'F_cars_LoopOuter.0' ends teleporting on edge 'D3C3', time=694.00.
Warning: Teleporting vehicle 'F_cars_V_B0B3.9'; waited too long (yield), lane='B0B1_0', time=720.00.
Warning: Teleporting vehicle 'F_cars_V_C0C3.3'; waited too long (yield), lane='C0C1_0', time=720.00.
Warning: Vehicle 'F_cars_V_B0B3.9' ends teleporting on edge 'B1B2', time=720.00.
Warning: Vehicle 'F_cars_V_C0C3.3' ends teleporting on edge 'C1C2', time=720.00.
Warning: Teleporting vehicle 'F_cars_V_B0B3.0'; waited too long (yield), lane='B1B2_0', time=726.00.
Warning: Vehicle 'F_cars_V_B0B3.0' ends teleporting on edge 'B2B3', time=726.00.
Warning: Teleporting vehicle 'F_cars_V_C0C3.4'; waited too long (yield), lane='C1C2_0', time=791.00.
Warning: Vehicle 'F_cars_V_C0C3.4' ends teleporting on edge 'C2C3', time=791.00.
Warning: Teleporting vehicle 'F_cars_LoopOuter.5'; waited too long (wrong lane), lane='C0D0_0', time=973.00.
Warning: Vehicle 'F_cars_LoopOuter.5' ends teleporting on edge 'D0D1', time=973.00.
Warning: Teleporting vehicle 'F_cars_LoopOuter.1'; waited too long (wrong lane), lane='D2D3_0', time=1019.00.
Warning: Vehicle 'F_cars_LoopOuter.1' ends teleporting on edge 'D3C3', time=1019.00.
Warning: Teleporting vehicle 'F_cars_V_B0B3.3'; waited too long (yield), lane='B0B1_0', time=1024.00.
Warning: Vehicle 'F_cars_V_B0B3.3' ends teleporting on edge 'B1B2', time=1024.00.
Warning: Teleporting vehicle 'F_cars_V_C0C3.1'; waited too long (yield), lane='C0C1_0', time=1026.00.
Warning: Vehicle 'F_cars_V_C0C3.1' ends teleporting on edge 'C1C2', time=1026.00.
Warning: Teleporting vehicle 'F_cars_V_B0B3.5'; waited too long (yield), lane='B1B2_0', time=1031.00.
Warning: Vehicle 'F_cars_V_B0B3.5' ends teleporting on edge 'B2B3', time=1031.00.
Warning: Teleporting vehicle 'F_cars_LoopOuter.0'; waited too long (wrong lane), lane='B3A3_0', time=1043.00.
Warning: Vehicle 'F_cars_LoopOuter.0' ends teleporting on edge 'A3A2', time=1043.00.
Warning: Teleporting vehicle 'F_cars_V_C0C3.0'; waited too long (yield), lane='C1C2_0', time=1096.00.
Warning: Vehicle 'F_cars_V_C0C3.0' ends teleporting on edge 'C2C3', time=1096.00.
Warning: Teleporting vehicle 'F_cars_LoopOuter.4'; waited too long (wrong lane), lane='C0D0_0', time=1278.00.
Warning: Vehicle 'F_cars_LoopOuter.4' ends teleporting on edge 'D0D1', time=1278.00.
Warning: Teleporting vehicle 'F_cars_LoopOuter.5'; waited too long (wrong lane), lane='D2D3_0', time=1325.00.
Warning: Vehicle 'F_cars_LoopOuter.5' ends teleporting on edge 'D3C3', time=1325.00.
Warning: Teleporting vehicle 'F_cars_V_B0B3.6'; waited too long (yield), lane='B0B1_0', time=1328.00.
Warning: Vehicle 'F_cars_V_B0B3.6' ends teleporting on edge 'B1B2', time=1328.00.
Warning: Teleporting vehicle 'F_cars_V_C0C3.9'; waited too long (yield), lane='C0C1_0', time=1331.00.
Warning: Vehicle 'F_cars_V_C0C3.9' ends teleporting on edge 'C1C2', time=1331.00.
Warning: Teleporting vehicle 'F_cars_V_B0B3.8'; waited too long (yield), lane='B1B2_0', time=1336.00.
Warning: Vehicle 'F_cars_V_B0B3.8' ends teleporting on edge 'B2B3', time=1336.00.
Warning: Teleporting vehicle 'F_cars_LoopOuter.1'; waited too long (wrong lane), lane='B3A3_0', time=1373.00.
Warning: Vehicle 'F_cars_LoopOuter.1' ends teleporting on edge 'A3A2', time=1373.00.
Warning: Teleporting vehicle 'F_moto_LoopInner.3'; waited too long (yield), lane='C1C2_0', time=1402.00.
Warning: Vehicle 'F_moto_LoopInner.3' ends teleporting on edge 'C2B2', time=1402.00.
Warning: Teleporting vehicle 'F_cars_LoopOuter.3'; waited too long (wrong lane), lane='C0D0_0', time=1583.00.
Warning: Vehicle 'F_cars_LoopOuter.3' ends teleporting on edge 'D0D1', time=1583.00.
Warning: Teleporting vehicle 'F_cars_LoopOuter.4'; waited too long (wrong lane), lane='D2D3_0', time=1631.00.
Warning: Vehicle 'F_cars_LoopOuter.4' ends teleporting on edge 'D3C3', time=1631.00.
Warning: Teleporting vehicle 'F_cars_V_B0B3.4'; waited too long (yield), lane='B1B2_0', time=1641.00.
Warning: Vehicle 'F_cars_V_B0B3.4' ends teleporting on edge 'B2B3', time=1641.00.
Warning: Teleporting vehicle 'F_cars_LoopOuter.5'; waited too long (wrong lane), lane='B3A3_0', time=1678.00.
Warning: Vehicle 'F_cars_LoopOuter.5' ends teleporting on edge 'A3A2', time=1678.00.
Warning: Teleporting vehicle 'F_cars_V_C0C3.2'; waited too long (yield), lane='C1C2_0', time=1707.00.
Warning: Vehicle 'F_cars_V_C0C3.2' ends teleporting on edge 'C2C3', time=1707.00.
Warning: Teleporting vehicle 'F_cars_LoopOuter.2'; waited too long (wrong lane), lane='C0D0_0', time=1889.00.
Warning: Vehicle 'F_cars_LoopOuter.2' ends teleporting on edge 'D0D1', time=1889.00.
Warning: Teleporting vehicle 'F_cars_LoopOuter.3'; waited too long (wrong lane), lane='D2D3_0', time=1935.00.
Warning: Vehicle 'F_cars_LoopOuter.3' ends teleporting on edge 'D3C3', time=1935.00.
Warning: Teleporting vehicle 'F_cars_V_B0B3.7'; waited too long (yield), lane='B1B2_0', time=1946.00.
Warning: Vehicle 'F_cars_V_B0B3.7' ends teleporting on edge 'B2B3', time=1946.00.
Warning: Teleporting vehicle 'F_cars_LoopOuter.4'; waited too long (wrong lane), lane='B3A3_0', time=1992.00.
Warning: Vehicle 'F_cars_LoopOuter.4' ends teleporting on edge 'A3A2', time=1992.00.
Warning: Teleporting vehicle 'F_cars_V_C0C3.3'; waited too long (yield), lane='C1C2_0', time=2012.00.
Warning: Vehicle 'F_cars_V_C0C3.3' ends teleporting on edge 'C2C3', time=2012.00.
Warning: Teleporting vehicle 'F_cars_LoopOuter.11'; waited too long (wrong lane), lane='C0D0_0', time=2193.00.
Warning: Vehicle 'F_cars_LoopOuter.11' ends teleporting on edge 'D0D1', time=2193.00.
Warning: Teleporting vehicle 'F_cars_LoopOuter.2'; waited too long (wrong lane), lane='D2D3_0', time=2239.00.
Warning: Vehicle 'F_cars_LoopOuter.2' ends teleporting on edge 'D3C3', time=2239.00.
Warning: Teleporting vehicle 'F_cars_V_B0B3.1'; waited too long (yield), lane='B1B2_0', time=2251.00.
Warning: Vehicle 'F_cars_V_B0B3.1' ends teleporting on edge 'B2B3', time=2251.00.
Warning: Teleporting vehicle 'F_cars_LoopOuter.3'; waited too long (wrong lane), lane='B3A3_0', time=2296.00.
Warning: Vehicle 'F_cars_LoopOuter.3' ends teleporting on edge 'A3A2', time=2296.00.
Warning: Teleporting vehicle 'F_cars_V_C0C3.1'; waited too long (yield), lane='C1C2_0', time=2317.00.
Warning: Vehicle 'F_cars_V_C0C3.1' ends teleporting on edge 'C2C3', time=2317.00.
Warning: Teleporting vehicle 'F_cars_LoopOuter.9'; waited too long (wrong lane), lane='C0D0_0', time=2499.00.
Warning: Vehicle 'F_cars_LoopOuter.9' ends teleporting on edge 'D0D1', time=2499.00.
Warning: Teleporting vehicle 'F_cars_LoopOuter.11'; waited too long (wrong lane), lane='D2D3_0', time=2548.00.
Warning: Vehicle 'F_cars_LoopOuter.11' ends teleporting on edge 'D3C3', time=2548.00.
Warning: Teleporting vehicle 'F_cars_V_B0B3.9'; waited too long (yield), lane='B1B2_0', time=2558.00.
Warning: Vehicle 'F_cars_V_B0B3.9' ends teleporting on edge 'B2B3', time=2558.00.
Warning: Teleporting vehicle 'F_cars_LoopOuter.2'; waited too long (wrong lane), lane='B3A3_0', time=2600.00.
Warning: Vehicle 'F_cars_LoopOuter.2' ends teleporting on edge 'A3A2', time=2600.00.
Warning: Teleporting vehicle 'F_cars_V_C0C3.9'; waited too long (yield), lane='C1C2_0', time=2621.00.
Warning: Vehicle 'F_cars_V_C0C3.9' ends teleporting on edge 'C2C3', time=2621.00.
Warning: Teleporting vehicle 'F_cars_LoopOuter.7'; waited too long (wrong lane), lane='C0D0_0', time=2804.00.
Warning: Vehicle 'F_cars_LoopOuter.7' ends teleporting on edge 'D0D1', time=2804.00.
Warning: Teleporting vehicle 'F_cars_LoopOuter.9'; waited too long (wrong lane), lane='D2D3_0', time=2856.00.
Warning: Vehicle 'F_cars_LoopOuter.9' ends teleporting on edge 'D3C3', time=2856.00.
Warning: Teleporting vehicle 'F_cars_V_B0B3.3'; waited too long (yield), lane='B1B2_0', time=2863.00.
Warning: Vehicle 'F_cars_V_B0B3.3' ends teleporting on edge 'B2B3', time=2863.00.
Warning: Teleporting vehicle 'F_cars_LoopOuter.11'; waited too long (wrong lane), lane='B3A3_0', time=2904.00.
Warning: Vehicle 'F_cars_LoopOuter.11' ends teleporting on edge 'A3A2', time=2904.00.
Warning: Teleporting vehicle 'F_cars_LoopOuter.6'; waited too long (wrong lane), lane='C0D0_0', time=3108.00.
Warning: Vehicle 'F_cars_LoopOuter.6' ends teleporting on edge 'D0D1', time=3108.00.
Warning: Teleporting vehicle 'F_cars_LoopOuter.7'; waited too long (wrong lane), lane='D2D3_0', time=3162.00.
Warning: Vehicle 'F_cars_LoopOuter.7' ends teleporting on edge 'D3C3', time=3162.00.
Warning: Teleporting vehicle 'F_cars_V_B0B3.6'; waited too long (yield), lane='B1B2_0', time=3168.00.
Warning: Vehicle 'F_cars_V_B0B3.6' ends teleporting on edge 'B2B3', time=3168.00.
Warning: Teleporting vehicle 'F_cars_LoopOuter.9'; waited too long (wrong lane), lane='B3A3_0', time=3213.00.
Warning: Vehicle 'F_cars_LoopOuter.9' ends teleporting on edge 'A3A2', time=3213.00.
Warning: Teleporting vehicle 'F_cars_LoopOuter.8'; waited too long (wrong lane), lane='C0D0_0', time=3413.00.
Warning: Vehicle 'F_cars_LoopOuter.8' ends teleporting on edge 'D0D1', time=3413.00.
Warning: Teleporting vehicle 'F_cars_LoopOuter.6'; waited too long (wrong lane), lane='D2D3_0', time=3467.00.
Warning: Vehicle 'F_cars_LoopOuter.6' ends teleporting on edge 'D3C3', time=3467.00.
Warning: Teleporting vehicle 'F_cars_LoopOuter.7'; waited too long (wrong lane), lane='B3A3_0', time=3520.00.
Warning: Vehicle 'F_cars_LoopOuter.7' ends teleporting on edge 'A3A2', time=3520.00.
Simulation ended at time: 3600.00.
Reason: TraCI requested termination.
Statistics (avg of 63):
 RouteLength: 780.21
 Speed: 2.49
 Duration: 936.65
 WaitingTime: 848.81
 TimeLoss: 876.53
 DepartDelay: 4.89
